[dotenv@17.2.3] injecting env (3) from .env.local -- tip: ­ƒöÉ prevent building .env in docker: https://dotenvx.com/prebuild
­ƒº¬ Testando l├│gica do servidor localmente...
­ƒôñ Enviando POST para localhost:3000... (BotID: cec448d5-fdb9-476e-906e-1b9bb88e561a)
­ƒôÑ Resposta do Servidor: { error: 'AI processing failed' }
Ô£à Servidor processou com sucesso (Status 200)
